mode: set
github.com/azylman/aerial/brain/pkg/config/config.go:24.44,25.38 1 1
github.com/azylman/aerial/brain/pkg/config/config.go:25.38,27.3 1 1
github.com/azylman/aerial/brain/pkg/config/config.go:28.2,28.19 1 1
github.com/azylman/aerial/brain/pkg/config/config.go:31.52,32.18 1 1
github.com/azylman/aerial/brain/pkg/config/config.go:32.18,34.3 1 1
github.com/azylman/aerial/brain/pkg/config/config.go:35.2,36.16 2 1
github.com/azylman/aerial/brain/pkg/config/config.go:36.16,38.3 1 0
github.com/azylman/aerial/brain/pkg/config/config.go:39.2,40.53 2 1
github.com/azylman/aerial/brain/pkg/config/config.go:40.53,42.3 1 1
github.com/azylman/aerial/brain/pkg/config/config.go:44.2,49.56 3 1
github.com/azylman/aerial/brain/pkg/config/config.go:49.56,50.57 1 0
github.com/azylman/aerial/brain/pkg/config/config.go:50.57,52.4 1 0
github.com/azylman/aerial/brain/pkg/config/config.go:53.3,54.18 2 0
github.com/azylman/aerial/brain/pkg/config/config.go:54.18,56.4 1 0
github.com/azylman/aerial/brain/pkg/config/config.go:58.2,59.16 2 1
github.com/azylman/aerial/brain/pkg/config/config.go:59.16,61.3 1 0
github.com/azylman/aerial/brain/pkg/config/config.go:62.2,62.62 1 1
github.com/azylman/aerial/brain/pkg/config/config.go:62.62,64.3 1 0
github.com/azylman/aerial/brain/pkg/config/config.go:65.2,65.12 1 1
github.com/azylman/aerial/brain/pkg/config/config.go:68.51,69.43 1 1
github.com/azylman/aerial/brain/pkg/config/config.go:69.43,71.3 1 1
github.com/azylman/aerial/brain/pkg/config/config.go:72.2,73.16 2 1
github.com/azylman/aerial/brain/pkg/config/config.go:73.16,75.3 1 0
github.com/azylman/aerial/brain/pkg/config/config.go:76.2,77.52 2 1
github.com/azylman/aerial/brain/pkg/config/config.go:77.52,79.3 1 1
github.com/azylman/aerial/brain/pkg/config/config.go:81.2,83.78 3 1
github.com/azylman/aerial/brain/pkg/config/config.go:83.78,85.3 1 0
github.com/azylman/aerial/brain/pkg/config/config.go:86.2,87.12 2 1
github.com/azylman/aerial/brain/pkg/config/config.go:90.38,99.32 3 1
github.com/azylman/aerial/brain/pkg/config/config.go:99.32,100.80 1 1
github.com/azylman/aerial/brain/pkg/config/config.go:100.80,103.9 3 0
github.com/azylman/aerial/brain/pkg/config/config.go:107.2,107.24 1 1
github.com/azylman/aerial/brain/pkg/config/config.go:107.24,108.54 1 1
github.com/azylman/aerial/brain/pkg/config/config.go:108.54,110.4 1 0
github.com/azylman/aerial/brain/pkg/config/config.go:113.2,113.24 1 1
github.com/azylman/aerial/brain/pkg/config/config.go:113.24,114.65 1 1
github.com/azylman/aerial/brain/pkg/config/config.go:114.65,116.81 2 0
github.com/azylman/aerial/brain/pkg/config/config.go:116.81,118.83 2 0
github.com/azylman/aerial/brain/pkg/config/config.go:118.83,120.6 1 0
github.com/azylman/aerial/brain/pkg/config/config.go:120.11,122.6 1 0
github.com/azylman/aerial/brain/pkg/config/config.go:127.2,127.24 1 1
github.com/azylman/aerial/brain/pkg/config/config.go:127.24,138.81 2 1
github.com/azylman/aerial/brain/pkg/config/config.go:138.81,139.49 1 1
github.com/azylman/aerial/brain/pkg/config/config.go:139.49,143.5 1 1
github.com/azylman/aerial/brain/pkg/config/config.go:144.4,144.55 1 1
github.com/azylman/aerial/brain/pkg/config/config.go:144.55,148.5 1 1
github.com/azylman/aerial/brain/pkg/config/config.go:150.3,150.56 1 1
github.com/azylman/aerial/brain/pkg/config/config.go:150.56,152.4 1 1
github.com/azylman/aerial/brain/pkg/config/config.go:155.2,156.34 2 1
github.com/azylman/aerial/brain/pkg/config/config.go:159.55,160.25 1 1
github.com/azylman/aerial/brain/pkg/config/config.go:160.25,162.3 1 1
github.com/azylman/aerial/brain/pkg/config/config.go:163.2,164.59 2 1
github.com/azylman/aerial/brain/pkg/config/config.go:164.59,166.3 1 1
github.com/azylman/aerial/brain/pkg/config/config.go:168.2,169.16 2 1
github.com/azylman/aerial/brain/pkg/config/config.go:169.16,171.3 1 0
github.com/azylman/aerial/brain/pkg/config/config.go:172.2,173.53 2 1
github.com/azylman/aerial/brain/pkg/config/config.go:173.53,175.3 1 1
github.com/azylman/aerial/brain/pkg/config/config.go:176.2,180.75 4 1
github.com/azylman/aerial/brain/pkg/config/config.go:180.75,182.3 1 0
github.com/azylman/aerial/brain/pkg/config/config.go:182.8,184.3 1 1
github.com/azylman/aerial/brain/pkg/config/config.go:186.2,188.59 3 1
github.com/azylman/aerial/brain/pkg/config/config.go:188.59,189.67 1 1
github.com/azylman/aerial/brain/pkg/config/config.go:189.67,190.30 1 1
github.com/azylman/aerial/brain/pkg/config/config.go:190.30,192.5 1 1
github.com/azylman/aerial/brain/pkg/config/config.go:194.3,194.69 1 1
github.com/azylman/aerial/brain/pkg/config/config.go:194.69,196.4 1 1
github.com/azylman/aerial/brain/pkg/config/config.go:199.2,199.70 1 1
github.com/azylman/aerial/brain/pkg/config/config.go:199.70,202.3 2 0
github.com/azylman/aerial/brain/pkg/config/config.go:203.2,204.12 2 1
github.com/azylman/aerial/brain/pkg/config/config.go:207.82,214.50 7 0
github.com/azylman/aerial/brain/pkg/config/config.go:214.50,215.58 1 0
github.com/azylman/aerial/brain/pkg/config/config.go:215.58,217.4 1 0
github.com/azylman/aerial/brain/pkg/config/config.go:219.2,221.64 2 0
github.com/azylman/aerial/brain/pkg/config/config.go:221.64,223.53 2 0
github.com/azylman/aerial/brain/pkg/config/config.go:223.53,224.22 1 0
github.com/azylman/aerial/brain/pkg/config/config.go:224.22,226.5 1 0
github.com/azylman/aerial/brain/pkg/config/config.go:227.4,227.44 1 0
github.com/azylman/aerial/brain/pkg/config/config.go:227.44,229.5 1 0
github.com/azylman/aerial/brain/pkg/config/config.go:230.4,230.44 1 0
github.com/azylman/aerial/brain/pkg/config/config.go:230.44,232.5 1 0
github.com/azylman/aerial/brain/pkg/config/config.go:233.4,233.43 1 0
github.com/azylman/aerial/brain/pkg/config/config.go:233.43,235.5 1 0
github.com/azylman/aerial/brain/pkg/config/config.go:236.4,236.50 1 0
github.com/azylman/aerial/brain/pkg/config/config.go:236.50,238.5 1 0
github.com/azylman/aerial/brain/pkg/config/config.go:239.4,239.31 1 0
github.com/azylman/aerial/brain/pkg/config/config.go:239.31,241.5 1 0
github.com/azylman/aerial/brain/pkg/config/config.go:242.4,242.31 1 0
github.com/azylman/aerial/brain/pkg/config/config.go:242.31,244.5 1 0
github.com/azylman/aerial/brain/pkg/config/config.go:248.2,248.25 1 0
github.com/azylman/aerial/brain/pkg/config/config.go:248.25,250.3 1 0
github.com/azylman/aerial/brain/pkg/config/config.go:252.2,252.77 1 0
github.com/azylman/aerial/brain/pkg/session/session.go:12.51,14.16 2 1
github.com/azylman/aerial/brain/pkg/session/session.go:14.16,16.3 1 0
github.com/azylman/aerial/brain/pkg/session/session.go:17.2,24.29 4 1
github.com/azylman/aerial/brain/pkg/session/session.go:24.29,26.17 2 1
github.com/azylman/aerial/brain/pkg/session/session.go:26.17,27.12 1 1
github.com/azylman/aerial/brain/pkg/session/session.go:29.3,29.33 1 1
github.com/azylman/aerial/brain/pkg/session/session.go:29.33,30.22 1 1
github.com/azylman/aerial/brain/pkg/session/session.go:30.22,31.13 1 0
github.com/azylman/aerial/brain/pkg/session/session.go:33.4,34.18 2 1
github.com/azylman/aerial/brain/pkg/session/session.go:34.18,35.13 1 0
github.com/azylman/aerial/brain/pkg/session/session.go:37.4,37.71 1 1
github.com/azylman/aerial/brain/pkg/session/session.go:37.71,40.5 2 1
github.com/azylman/aerial/brain/pkg/session/session.go:43.2,43.17 1 1
github.com/azylman/aerial/brain/pkg/session/session.go:46.54,48.16 2 1
github.com/azylman/aerial/brain/pkg/session/session.go:48.16,50.3 1 0
github.com/azylman/aerial/brain/pkg/session/session.go:52.2,64.33 3 1
github.com/azylman/aerial/brain/pkg/session/session.go:64.33,66.17 2 1
github.com/azylman/aerial/brain/pkg/session/session.go:66.17,67.12 1 1
github.com/azylman/aerial/brain/pkg/session/session.go:70.3,76.33 3 1
github.com/azylman/aerial/brain/pkg/session/session.go:76.33,77.21 1 1
github.com/azylman/aerial/brain/pkg/session/session.go:77.21,78.13 1 0
github.com/azylman/aerial/brain/pkg/session/session.go:80.4,81.18 2 1
github.com/azylman/aerial/brain/pkg/session/session.go:81.18,87.5 1 1
github.com/azylman/aerial/brain/pkg/session/session.go:90.3,90.44 1 1
github.com/azylman/aerial/brain/pkg/session/session.go:90.44,93.36 3 1
github.com/azylman/aerial/brain/pkg/session/session.go:93.36,94.13 1 0
github.com/azylman/aerial/brain/pkg/session/session.go:96.4,99.23 4 1
github.com/azylman/aerial/brain/pkg/session/session.go:99.23,102.5 2 0
github.com/azylman/aerial/brain/pkg/session/session.go:103.4,103.40 1 1
github.com/azylman/aerial/brain/pkg/session/session.go:103.40,105.38 2 1
github.com/azylman/aerial/brain/pkg/session/session.go:105.38,107.6 1 1
github.com/azylman/aerial/brain/pkg/session/session.go:111.2,111.20 1 1
github.com/azylman/aerial/brain/pkg/session/session.go:114.62,116.16 2 1
github.com/azylman/aerial/brain/pkg/session/session.go:116.16,118.3 1 0
github.com/azylman/aerial/brain/pkg/session/session.go:120.2,121.18 2 1
github.com/azylman/aerial/brain/pkg/session/session.go:121.18,127.3 1 1
github.com/azylman/aerial/brain/pkg/session/session.go:127.8,134.35 2 0
github.com/azylman/aerial/brain/pkg/session/session.go:134.35,135.52 1 0
github.com/azylman/aerial/brain/pkg/session/session.go:135.52,138.35 3 0
github.com/azylman/aerial/brain/pkg/session/session.go:138.35,139.23 1 0
github.com/azylman/aerial/brain/pkg/session/session.go:139.23,140.84 1 0
github.com/azylman/aerial/brain/pkg/session/session.go:140.84,143.8 2 0
github.com/azylman/aerial/brain/pkg/session/session.go:146.5,146.24 1 0
github.com/azylman/aerial/brain/pkg/session/session.go:146.24,148.6 1 0
github.com/azylman/aerial/brain/pkg/session/session.go:153.2,156.33 3 1
github.com/azylman/aerial/brain/pkg/session/session.go:156.33,157.78 1 1
github.com/azylman/aerial/brain/pkg/session/session.go:157.78,160.18 3 1
github.com/azylman/aerial/brain/pkg/session/session.go:160.18,161.13 1 1
github.com/azylman/aerial/brain/pkg/session/session.go:164.4,165.41 2 1
github.com/azylman/aerial/brain/pkg/session/session.go:165.41,167.19 2 1
github.com/azylman/aerial/brain/pkg/session/session.go:167.19,168.14 1 0
github.com/azylman/aerial/brain/pkg/session/session.go:170.5,178.63 2 1
github.com/azylman/aerial/brain/pkg/session/session.go:178.63,179.76 1 1
github.com/azylman/aerial/brain/pkg/session/session.go:179.76,180.92 1 1
github.com/azylman/aerial/brain/pkg/session/session.go:180.92,182.8 1 1
github.com/azylman/aerial/brain/pkg/session/session.go:184.6,184.63 1 1
github.com/azylman/aerial/brain/pkg/session/session.go:184.63,185.48 1 1
github.com/azylman/aerial/brain/pkg/session/session.go:185.48,187.8 1 1
github.com/azylman/aerial/brain/pkg/session/session.go:187.13,187.111 1 1
github.com/azylman/aerial/brain/pkg/session/session.go:187.111,189.8 1 0
github.com/azylman/aerial/brain/pkg/session/session.go:193.4,193.45 1 1
github.com/azylman/aerial/brain/pkg/session/session.go:193.45,195.5 1 1
github.com/azylman/aerial/brain/pkg/session/session.go:198.2,198.32 1 1
github.com/azylman/aerial/brain/pkg/db/db.go:14.25,15.44 1 0
github.com/azylman/aerial/brain/pkg/db/db.go:15.44,17.3 1 0
github.com/azylman/aerial/brain/pkg/db/db.go:18.2,19.16 2 0
github.com/azylman/aerial/brain/pkg/db/db.go:19.16,21.3 1 0
github.com/azylman/aerial/brain/pkg/db/db.go:22.2,22.55 1 0
github.com/azylman/aerial/brain/pkg/db/db.go:25.45,26.64 1 1
github.com/azylman/aerial/brain/pkg/db/db.go:26.64,28.3 1 1
github.com/azylman/aerial/brain/pkg/db/db.go:29.2,30.16 2 1
github.com/azylman/aerial/brain/pkg/db/db.go:30.16,32.3 1 0
github.com/azylman/aerial/brain/pkg/db/db.go:33.2,64.49 2 1
github.com/azylman/aerial/brain/pkg/db/db.go:64.49,66.3 1 0
github.com/azylman/aerial/brain/pkg/db/db.go:68.2,72.31 2 1
github.com/azylman/aerial/brain/pkg/db/db.go:72.31,74.3 1 1
github.com/azylman/aerial/brain/pkg/db/db.go:76.2,77.22 2 1
github.com/azylman/aerial/brain/pkg/db/db.go:80.85,81.41 1 1
github.com/azylman/aerial/brain/pkg/db/db.go:81.41,83.3 1 1
github.com/azylman/aerial/brain/pkg/db/db.go:84.2,86.26 3 1
github.com/azylman/aerial/brain/pkg/db/db.go:86.26,88.3 1 1
github.com/azylman/aerial/brain/pkg/db/db.go:89.2,89.24 1 1
github.com/azylman/aerial/brain/pkg/db/db.go:92.85,93.41 1 1
github.com/azylman/aerial/brain/pkg/db/db.go:93.41,95.3 1 1
github.com/azylman/aerial/brain/pkg/db/db.go:96.2,98.26 3 1
github.com/azylman/aerial/brain/pkg/db/db.go:98.26,100.3 1 0
github.com/azylman/aerial/brain/pkg/db/db.go:101.2,101.24 1 1
github.com/azylman/aerial/brain/pkg/db/db.go:104.85,105.61 1 1
github.com/azylman/aerial/brain/pkg/db/db.go:105.61,107.3 1 1
github.com/azylman/aerial/brain/pkg/db/db.go:108.2,117.16 4 1
github.com/azylman/aerial/brain/pkg/db/db.go:117.16,119.3 1 1
github.com/azylman/aerial/brain/pkg/db/db.go:119.8,121.3 1 1
github.com/azylman/aerial/brain/pkg/db/db.go:122.2,122.12 1 1
github.com/azylman/aerial/brain/pkg/db/db.go:133.108,134.41 1 1
github.com/azylman/aerial/brain/pkg/db/db.go:134.41,136.3 1 0
github.com/azylman/aerial/brain/pkg/db/db.go:137.2,140.25 4 1
github.com/azylman/aerial/brain/pkg/db/db.go:140.25,147.3 2 1
github.com/azylman/aerial/brain/pkg/db/db.go:147.8,154.3 2 1
github.com/azylman/aerial/brain/pkg/db/db.go:155.2,155.16 1 1
github.com/azylman/aerial/brain/pkg/db/db.go:155.16,157.3 1 0
github.com/azylman/aerial/brain/pkg/db/db.go:158.2,158.12 1 1
github.com/azylman/aerial/brain/pkg/db/db.go:161.88,162.41 1 1
github.com/azylman/aerial/brain/pkg/db/db.go:162.41,164.3 1 0
github.com/azylman/aerial/brain/pkg/db/db.go:165.2,172.26 4 1
github.com/azylman/aerial/brain/pkg/db/db.go:172.26,174.3 1 0
github.com/azylman/aerial/brain/pkg/db/db.go:175.2,175.16 1 1
github.com/azylman/aerial/brain/pkg/db/db.go:175.16,177.3 1 0
github.com/azylman/aerial/brain/pkg/db/db.go:178.2,178.20 1 1
github.com/azylman/aerial/brain/pkg/db/db.go:181.77,182.21 1 1
github.com/azylman/aerial/brain/pkg/db/db.go:182.21,184.3 1 0
github.com/azylman/aerial/brain/pkg/db/db.go:185.2,191.16 3 1
github.com/azylman/aerial/brain/pkg/db/db.go:191.16,193.3 1 0
github.com/azylman/aerial/brain/pkg/db/db.go:194.2,197.18 3 1
github.com/azylman/aerial/brain/pkg/db/db.go:197.18,199.134 2 1
github.com/azylman/aerial/brain/pkg/db/db.go:199.134,201.4 1 0
github.com/azylman/aerial/brain/pkg/db/db.go:202.3,202.35 1 1
github.com/azylman/aerial/brain/pkg/db/db.go:204.2,204.21 1 1
github.com/azylman/aerial/brain/pkg/db/db.go:225.71,226.21 1 1
github.com/azylman/aerial/brain/pkg/db/db.go:226.21,228.3 1 0
github.com/azylman/aerial/brain/pkg/db/db.go:229.2,229.26 1 1
github.com/azylman/aerial/brain/pkg/db/db.go:229.26,231.3 1 1
github.com/azylman/aerial/brain/pkg/db/db.go:232.2,234.12 3 1
github.com/azylman/aerial/brain/pkg/db/db.go:237.74,238.21 1 1
github.com/azylman/aerial/brain/pkg/db/db.go:238.21,240.3 1 0
github.com/azylman/aerial/brain/pkg/db/db.go:241.2,243.16 3 1
github.com/azylman/aerial/brain/pkg/db/db.go:243.16,245.3 1 0
github.com/azylman/aerial/brain/pkg/db/db.go:246.2,249.18 3 1
github.com/azylman/aerial/brain/pkg/db/db.go:249.18,251.90 2 1
github.com/azylman/aerial/brain/pkg/db/db.go:251.90,253.4 1 0
github.com/azylman/aerial/brain/pkg/db/db.go:254.3,254.31 1 1
github.com/azylman/aerial/brain/pkg/db/db.go:256.2,256.21 1 1
github.com/azylman/aerial/brain/pkg/db/db.go:259.63,260.33 1 1
github.com/azylman/aerial/brain/pkg/db/db.go:260.33,262.3 1 0
github.com/azylman/aerial/brain/pkg/db/db.go:263.2,264.12 2 1
github.com/azylman/aerial/brain/pkg/db/db.go:267.65,268.21 1 1
github.com/azylman/aerial/brain/pkg/db/db.go:268.21,270.3 1 0
github.com/azylman/aerial/brain/pkg/db/db.go:271.2,271.26 1 1
github.com/azylman/aerial/brain/pkg/db/db.go:271.26,273.3 1 1
github.com/azylman/aerial/brain/pkg/db/db.go:274.2,276.12 3 1
github.com/azylman/aerial/brain/pkg/db/db.go:279.68,280.21 1 1
github.com/azylman/aerial/brain/pkg/db/db.go:280.21,282.3 1 0
github.com/azylman/aerial/brain/pkg/db/db.go:283.2,285.16 3 1
github.com/azylman/aerial/brain/pkg/db/db.go:285.16,287.3 1 0
github.com/azylman/aerial/brain/pkg/db/db.go:288.2,291.18 3 1
github.com/azylman/aerial/brain/pkg/db/db.go:291.18,293.119 2 1
github.com/azylman/aerial/brain/pkg/db/db.go:293.119,295.4 1 0
github.com/azylman/aerial/brain/pkg/db/db.go:296.3,296.31 1 1
github.com/azylman/aerial/brain/pkg/db/db.go:298.2,298.21 1 1
github.com/azylman/aerial/brain/pkg/db/db.go:301.80,302.33 1 1
github.com/azylman/aerial/brain/pkg/db/db.go:302.33,304.3 1 0
github.com/azylman/aerial/brain/pkg/db/db.go:305.2,306.12 2 1
github.com/azylman/aerial/brain/funnel.go:17.89,18.21 1 1
github.com/azylman/aerial/brain/funnel.go:18.21,20.3 1 1
github.com/azylman/aerial/brain/funnel.go:21.2,21.87 1 0
github.com/azylman/aerial/brain/funnel.go:21.87,23.3 1 0
github.com/azylman/aerial/brain/funnel.go:24.2,24.81 1 0
github.com/azylman/aerial/brain/funnel.go:24.81,26.3 1 0
github.com/azylman/aerial/brain/funnel.go:27.2,27.20 1 0
github.com/azylman/aerial/brain/funnel.go:30.69,36.21 6 1
github.com/azylman/aerial/brain/funnel.go:36.21,41.3 4 1
github.com/azylman/aerial/brain/funnel.go:42.2,46.31 4 1
github.com/azylman/aerial/brain/funnel.go:46.31,47.15 1 0
github.com/azylman/aerial/brain/funnel.go:47.15,49.4 1 0
github.com/azylman/aerial/brain/funnel.go:51.2,54.34 3 1
github.com/azylman/aerial/brain/funnel.go:54.34,55.15 1 0
github.com/azylman/aerial/brain/funnel.go:55.15,57.4 1 0
github.com/azylman/aerial/brain/funnel.go:59.2,62.14 3 1
github.com/azylman/aerial/brain/funnel.go:62.14,64.3 1 1
github.com/azylman/aerial/brain/funnel.go:64.8,66.3 1 1
github.com/azylman/aerial/brain/funnel.go:67.2,68.20 2 1
github.com/azylman/aerial/brain/funnel.go:71.81,72.21 1 1
github.com/azylman/aerial/brain/funnel.go:72.21,74.3 1 1
github.com/azylman/aerial/brain/funnel.go:75.2,75.25 1 0
github.com/azylman/aerial/brain/funnel.go:75.25,77.3 1 0
github.com/azylman/aerial/brain/funnel.go:78.2,83.41 2 0
github.com/azylman/aerial/brain/funnel.go:83.41,85.3 1 0
github.com/azylman/aerial/brain/funnel.go:86.2,86.61 1 0
github.com/azylman/aerial/brain/funnel.go:86.61,88.3 1 0
github.com/azylman/aerial/brain/funnel.go:89.2,89.29 1 0
github.com/azylman/aerial/brain/funnel.go:89.29,91.3 1 0
github.com/azylman/aerial/brain/funnel.go:92.2,92.70 1 0
github.com/azylman/aerial/brain/funnel.go:92.70,93.20 1 0
github.com/azylman/aerial/brain/funnel.go:93.20,95.4 1 0
github.com/azylman/aerial/brain/funnel.go:96.8,96.71 1 0
github.com/azylman/aerial/brain/funnel.go:96.71,97.20 1 0
github.com/azylman/aerial/brain/funnel.go:97.20,99.4 1 0
github.com/azylman/aerial/brain/funnel.go:101.2,101.14 1 0
github.com/azylman/aerial/brain/funnel.go:104.134,106.17 2 0
github.com/azylman/aerial/brain/funnel.go:106.17,109.3 2 0
github.com/azylman/aerial/brain/funnel.go:111.2,116.6 4 0
github.com/azylman/aerial/brain/funnel.go:116.6,118.17 2 0
github.com/azylman/aerial/brain/funnel.go:118.17,122.28 4 0
github.com/azylman/aerial/brain/funnel.go:122.28,124.5 1 0
github.com/azylman/aerial/brain/funnel.go:125.4,125.12 1 0
github.com/azylman/aerial/brain/funnel.go:128.3,128.64 1 0
github.com/azylman/aerial/brain/funnel.go:128.64,131.4 2 0
github.com/azylman/aerial/brain/funnel.go:133.3,133.72 1 0
github.com/azylman/aerial/brain/funnel.go:133.72,134.82 1 0
github.com/azylman/aerial/brain/funnel.go:134.82,136.5 1 0
github.com/azylman/aerial/brain/funnel.go:138.4,138.50 1 0
github.com/azylman/aerial/brain/funnel.go:138.50,141.5 2 0
github.com/azylman/aerial/brain/funnel.go:143.4,157.25 7 0
github.com/azylman/aerial/brain/funnel.go:157.25,158.20 1 0
github.com/azylman/aerial/brain/funnel.go:158.20,160.6 1 0
github.com/azylman/aerial/brain/funnel.go:163.4,163.30 1 0
github.com/azylman/aerial/brain/funnel.go:163.30,167.9 4 0
github.com/azylman/aerial/brain/funnel.go:167.9,168.13 1 0
github.com/azylman/aerial/brain/funnel.go:169.22,170.37 1 0
github.com/azylman/aerial/brain/funnel.go:171.24,172.13 1 0
github.com/azylman/aerial/brain/funnel.go:177.4,177.108 1 0
github.com/azylman/aerial/brain/funnel.go:180.3,184.69 4 0
github.com/azylman/aerial/brain/funnel.go:184.69,186.11 2 0
github.com/azylman/aerial/brain/funnel.go:187.36,187.36 0 0
github.com/azylman/aerial/brain/funnel.go:188.12,188.12 0 0
github.com/azylman/aerial/brain/funnel.go:192.3,192.35 1 0
github.com/azylman/aerial/brain/funnel.go:192.35,196.28 4 0
github.com/azylman/aerial/brain/funnel.go:196.28,198.5 1 0
github.com/azylman/aerial/brain/funnel.go:199.4,199.12 1 0
github.com/azylman/aerial/brain/funnel.go:202.3,209.27 7 0
github.com/azylman/aerial/brain/funnel.go:209.27,211.4 1 0
github.com/azylman/aerial/brain/main.go:33.174,35.26 2 0
github.com/azylman/aerial/brain/main.go:35.26,37.3 1 0
github.com/azylman/aerial/brain/main.go:39.2,40.16 2 0
github.com/azylman/aerial/brain/main.go:40.16,42.3 1 0
github.com/azylman/aerial/brain/main.go:44.2,44.46 1 0
github.com/azylman/aerial/brain/main.go:44.46,45.24 1 0
github.com/azylman/aerial/brain/main.go:45.24,47.4 1 0
github.com/azylman/aerial/brain/main.go:48.3,48.37 1 0
github.com/azylman/aerial/brain/main.go:48.37,50.17 2 0
github.com/azylman/aerial/brain/main.go:50.17,52.5 1 0
github.com/azylman/aerial/brain/main.go:55.3,63.18 6 0
github.com/azylman/aerial/brain/main.go:63.18,65.4 1 0
github.com/azylman/aerial/brain/main.go:66.3,66.25 1 0
github.com/azylman/aerial/brain/main.go:66.25,68.4 1 0
github.com/azylman/aerial/brain/main.go:69.3,69.18 1 0
github.com/azylman/aerial/brain/main.go:69.18,71.4 1 0
github.com/azylman/aerial/brain/main.go:72.3,75.53 3 0
github.com/azylman/aerial/brain/main.go:75.53,77.4 1 0
github.com/azylman/aerial/brain/main.go:77.9,79.4 1 0
github.com/azylman/aerial/brain/main.go:80.3,81.19 2 0
github.com/azylman/aerial/brain/main.go:81.19,89.4 1 0
github.com/azylman/aerial/brain/main.go:91.3,97.17 6 0
github.com/azylman/aerial/brain/main.go:97.17,98.48 1 0
github.com/azylman/aerial/brain/main.go:98.48,100.5 1 0
github.com/azylman/aerial/brain/main.go:100.10,103.5 2 0
github.com/azylman/aerial/brain/main.go:106.3,108.29 3 0
github.com/azylman/aerial/brain/main.go:108.29,110.65 2 0
github.com/azylman/aerial/brain/main.go:110.65,112.5 1 0
github.com/azylman/aerial/brain/main.go:112.10,114.5 1 0
github.com/azylman/aerial/brain/main.go:117.3,118.21 2 0
github.com/azylman/aerial/brain/main.go:118.21,120.4 1 0
github.com/azylman/aerial/brain/main.go:121.3,122.20 2 0
github.com/azylman/aerial/brain/main.go:122.20,124.4 1 0
github.com/azylman/aerial/brain/main.go:126.3,129.16 3 0
github.com/azylman/aerial/brain/main.go:129.16,130.19 1 0
github.com/azylman/aerial/brain/main.go:130.19,131.102 1 0
github.com/azylman/aerial/brain/main.go:131.102,133.6 1 0
github.com/azylman/aerial/brain/main.go:133.11,135.6 1 0
github.com/azylman/aerial/brain/main.go:137.4,139.77 2 0
github.com/azylman/aerial/brain/main.go:140.9,141.45 1 0
github.com/azylman/aerial/brain/main.go:141.45,142.89 1 0
github.com/azylman/aerial/brain/main.go:142.89,144.6 1 0
github.com/azylman/aerial/brain/main.go:146.4,146.87 1 0
github.com/azylman/aerial/brain/main.go:150.2,150.23 1 0
github.com/azylman/aerial/brain/main.go:153.145,154.54 1 1
github.com/azylman/aerial/brain/main.go:154.54,155.34 1 1
github.com/azylman/aerial/brain/main.go:155.34,158.4 2 1
github.com/azylman/aerial/brain/main.go:160.3,161.17 2 1
github.com/azylman/aerial/brain/main.go:161.17,164.4 2 0
github.com/azylman/aerial/brain/main.go:165.3,168.91 3 1
github.com/azylman/aerial/brain/main.go:168.91,175.4 4 1
github.com/azylman/aerial/brain/main.go:177.3,185.5 4 0
github.com/azylman/aerial/brain/main.go:189.59,190.54 1 1
github.com/azylman/aerial/brain/main.go:190.54,192.17 2 1
github.com/azylman/aerial/brain/main.go:192.17,194.4 1 0
github.com/azylman/aerial/brain/main.go:196.3,215.30 5 1
github.com/azylman/aerial/brain/main.go:215.30,217.18 2 1
github.com/azylman/aerial/brain/main.go:217.18,218.13 1 1
github.com/azylman/aerial/brain/main.go:221.4,221.34 1 1
github.com/azylman/aerial/brain/main.go:221.34,222.23 1 1
github.com/azylman/aerial/brain/main.go:222.23,223.14 1 0
github.com/azylman/aerial/brain/main.go:226.5,228.45 3 1
github.com/azylman/aerial/brain/main.go:228.45,230.6 1 0
github.com/azylman/aerial/brain/main.go:232.5,233.19 2 1
github.com/azylman/aerial/brain/main.go:233.19,234.14 1 0
github.com/azylman/aerial/brain/main.go:237.5,238.19 2 1
github.com/azylman/aerial/brain/main.go:238.19,239.14 1 0
github.com/azylman/aerial/brain/main.go:241.5,246.32 5 1
github.com/azylman/aerial/brain/main.go:246.32,248.20 2 1
github.com/azylman/aerial/brain/main.go:248.20,249.15 1 1
github.com/azylman/aerial/brain/main.go:251.6,257.64 3 1
github.com/azylman/aerial/brain/main.go:257.64,258.28 1 1
github.com/azylman/aerial/brain/main.go:258.28,260.8 1 1
github.com/azylman/aerial/brain/main.go:261.7,261.30 1 1
github.com/azylman/aerial/brain/main.go:261.30,263.44 2 0
github.com/azylman/aerial/brain/main.go:263.44,265.9 1 0
github.com/azylman/aerial/brain/main.go:270.5,271.19 2 1
github.com/azylman/aerial/brain/main.go:271.19,273.6 1 0
github.com/azylman/aerial/brain/main.go:275.5,283.19 2 1
github.com/azylman/aerial/brain/main.go:283.19,285.6 1 0
github.com/azylman/aerial/brain/main.go:286.5,286.36 1 1
github.com/azylman/aerial/brain/main.go:290.3,291.41 2 1
github.com/azylman/aerial/brain/main.go:295.55,297.16 2 1
github.com/azylman/aerial/brain/main.go:297.16,300.3 2 0
github.com/azylman/aerial/brain/main.go:301.2,301.27 1 1
github.com/azylman/aerial/brain/main.go:301.27,304.3 2 1
github.com/azylman/aerial/brain/main.go:306.2,307.35 2 1
github.com/azylman/aerial/brain/main.go:307.35,311.3 2 1
github.com/azylman/aerial/brain/main.go:314.13,317.18 2 0
github.com/azylman/aerial/brain/main.go:317.18,318.65 1 0
github.com/azylman/aerial/brain/main.go:318.65,320.4 1 0
github.com/azylman/aerial/brain/main.go:322.2,322.63 1 0
github.com/azylman/aerial/brain/main.go:322.63,324.3 1 0
github.com/azylman/aerial/brain/main.go:325.2,325.24 1 0
github.com/azylman/aerial/brain/main.go:325.24,326.59 1 0
github.com/azylman/aerial/brain/main.go:326.59,328.4 1 0
github.com/azylman/aerial/brain/main.go:330.2,330.46 1 0
github.com/azylman/aerial/brain/main.go:330.46,332.3 1 0
github.com/azylman/aerial/brain/main.go:334.2,334.44 1 0
github.com/azylman/aerial/brain/main.go:334.44,335.58 1 0
github.com/azylman/aerial/brain/main.go:335.58,337.4 1 0
github.com/azylman/aerial/brain/main.go:338.3,339.34 2 0
github.com/azylman/aerial/brain/main.go:339.34,341.4 1 0
github.com/azylman/aerial/brain/main.go:342.3,343.70 2 0
github.com/azylman/aerial/brain/main.go:343.70,345.4 1 0
github.com/azylman/aerial/brain/main.go:346.3,346.50 1 0
github.com/azylman/aerial/brain/main.go:346.50,347.65 1 0
github.com/azylman/aerial/brain/main.go:347.65,349.5 1 0
github.com/azylman/aerial/brain/main.go:353.2,355.16 3 0
github.com/azylman/aerial/brain/main.go:355.16,357.3 1 0
github.com/azylman/aerial/brain/main.go:358.2,358.15 1 0
github.com/azylman/aerial/brain/main.go:358.15,359.42 1 0
github.com/azylman/aerial/brain/main.go:359.42,361.4 1 0
github.com/azylman/aerial/brain/main.go:364.2,370.74 5 0
github.com/azylman/aerial/brain/main.go:370.74,374.3 3 0
github.com/azylman/aerial/brain/main.go:376.2,377.62 2 0
github.com/azylman/aerial/brain/main.go:377.62,379.3 1 0
github.com/azylman/aerial/brain/pkg/skills/schedule.go:17.56,19.2 1 1
github.com/azylman/aerial/brain/pkg/skills/schedule.go:21.120,22.17 1 1
github.com/azylman/aerial/brain/pkg/skills/schedule.go:22.17,24.3 1 1
github.com/azylman/aerial/brain/pkg/skills/schedule.go:25.2,33.62 3 1
github.com/azylman/aerial/brain/pkg/skills/schedule.go:33.62,35.3 1 0
github.com/azylman/aerial/brain/pkg/skills/schedule.go:36.2,36.89 1 1
github.com/azylman/aerial/brain/pkg/skills/schedule.go:39.131,40.17 1 1
github.com/azylman/aerial/brain/pkg/skills/schedule.go:40.17,42.3 1 1
github.com/azylman/aerial/brain/pkg/skills/schedule.go:43.2,53.59 3 1
github.com/azylman/aerial/brain/pkg/skills/schedule.go:53.59,55.3 1 0
github.com/azylman/aerial/brain/pkg/skills/schedule.go:56.2,56.73 1 1
github.com/azylman/aerial/brain/pkg/skills/schedule.go:59.99,60.17 1 1
github.com/azylman/aerial/brain/pkg/skills/schedule.go:60.17,62.3 1 1
github.com/azylman/aerial/brain/pkg/skills/schedule.go:63.2,63.25 1 1
github.com/azylman/aerial/brain/pkg/skills/schedule.go:63.25,65.17 2 1
github.com/azylman/aerial/brain/pkg/skills/schedule.go:65.17,67.4 1 0
github.com/azylman/aerial/brain/pkg/skills/schedule.go:68.8,69.60 1 0
github.com/azylman/aerial/brain/pkg/skills/schedule.go:69.60,71.4 1 0
github.com/azylman/aerial/brain/pkg/skills/schedule.go:73.2,73.68 1 1
github.com/azylman/aerial/brain/pkg/skills/skills.go:7.27,10.2 2 1
